The system is: Darwin - 23.5.0 - x86_64
Compiling the Fortran compiler identification source file "CMakeFortranCompilerId.F" succeeded.
Compiler: /usr/local/bin/gfortran 
Build flags: 
Id flags: -v 

The output was:
0
Driving: /usr/local/bin/gfortran -v CMakeFortranCompilerId.F -mmacosx-version-min=14.0.0 -asm_macosx_version_min=14.0 -nodefaultexport -l gfortran -shared-libgcc
Using built-in specs.
COLLECT_GCC=/usr/local/bin/gfortran
COLLECT_LTO_WRAPPER=/usr/local/Cellar/gcc/14.1.0_1/bin/../libexec/gcc/x86_64-apple-darwin23/14/lto-wrapper
Target: x86_64-apple-darwin23
Configured with: ../configure --prefix=/usr/local/opt/gcc --libdir=/usr/local/opt/gcc/lib/gcc/current --disable-nls --enable-checking=release --with-gcc-major-version-only --enable-languages=c,c++,objc,obj-c++,fortran --program-suffix=-14 --with-gmp=/usr/local/opt/gmp --with-mpfr=/usr/local/opt/mpfr --with-mpc=/usr/local/opt/libmpc --with-isl=/usr/local/opt/isl --with-zstd=/usr/local/opt/zstd --with-pkgversion='Homebrew GCC 14.1.0_1' --with-bugurl=https://github.com/Homebrew/homebrew-core/issues --with-system-zlib --build=x86_64-apple-darwin23 --with-sysroot=/Library/Developer/CommandLineTools/SDKs/MacOSX14.sdk
Thread model: posix
Supported LTO compression algorithms: zlib zstd
gcc version 14.1.0 (Homebrew GCC 14.1.0_1) 
COLLECT_GCC_OPTIONS='-v' '-mmacosx-version-min=14.0.0' '-asm_macosx_version_min=14.0' '-nodefaultexport' '-shared-libgcc' '-mtune=core2' '-dumpdir' 'a-'
 /usr/local/Cellar/gcc/14.1.0_1/bin/../libexec/gcc/x86_64-apple-darwin23/14/f951 CMakeFortranCompilerId.F -ffixed-form -cpp=/var/folders/tx/zx2w175s60d6pmn_sl1n9yynbqzmbh/T//ccBzEryT.fi -quiet -v -iprefix /usr/local/Cellar/gcc/14.1.0_1/bin/../lib/gcc/current/gcc/x86_64-apple-darwin23/14/ -D__DYNAMIC__ CMakeFortranCompilerId.F -fPIC -quiet -dumpdir a- -dumpbase CMakeFortranCompilerId.F -dumpbase-ext .F -mmacosx-version-min=14.0.0 -mtune=core2 -version -fintrinsic-modules-path /usr/local/Cellar/gcc/14.1.0_1/bin/../lib/gcc/current/gcc/x86_64-apple-darwin23/14/finclude -o /var/folders/tx/zx2w175s60d6pmn_sl1n9yynbqzmbh/T//ccfeODe8.s
GNU Fortran (Homebrew GCC 14.1.0_1) version 14.1.0 (x86_64-apple-darwin23)
	compiled by GNU C version 14.1.0, GMP version 6.3.0, MPFR version 4.2.1, MPC version 1.3.1, isl version isl-0.26-GMP

GGC heuristics: --param ggc-min-expand=100 --param ggc-min-heapsize=131072
ignoring nonexistent directory "/usr/local/Cellar/gcc/14.1.0_1/bin/../lib/gcc/current/gcc/x86_64-apple-darwin23/14/../../../../../../x86_64-apple-darwin23/include"
ignoring duplicate directory "/usr/local/Cellar/gcc/14.1.0_1/bin/../lib/gcc/current/gcc/../../../../lib/gcc/current/gcc/x86_64-apple-darwin23/14/include"
ignoring nonexistent directory "/Library/Developer/CommandLineTools/SDKs/MacOSX14.sdk/usr/local/include"
ignoring duplicate directory "/usr/local/Cellar/gcc/14.1.0_1/bin/../lib/gcc/current/gcc/../../../../lib/gcc/current/gcc/x86_64-apple-darwin23/14/include-fixed"
ignoring nonexistent directory "/usr/local/Cellar/gcc/14.1.0_1/bin/../lib/gcc/current/gcc/../../../../lib/gcc/current/gcc/x86_64-apple-darwin23/14/../../../../../../x86_64-apple-darwin23/include"
#include "..." search starts here:
#include <...> search starts here:
 /usr/local/Cellar/gcc/14.1.0_1/bin/../lib/gcc/current/gcc/x86_64-apple-darwin23/14/finclude
 /usr/local/Cellar/gcc/14.1.0_1/bin/../lib/gcc/current/gcc/x86_64-apple-darwin23/14/include
 /usr/local/Cellar/gcc/14.1.0_1/bin/../lib/gcc/current/gcc/x86_64-apple-darwin23/14/include-fixed
 /Library/Developer/CommandLineTools/SDKs/MacOSX14.sdk/usr/include
End of search list.
COLLECT_GCC_OPTIONS='-v' '-mmacosx-version-min=14.0.0'  '-nodefaultexport' '-shared-libgcc' '-mtune=core2' '-dumpdir' 'a-'
 as -arch x86_64 -v -mmacosx-version-min=14.0 -mllvm -x86-pad-for-align=false -force_cpusubtype_ALL -o /var/folders/tx/zx2w175s60d6pmn_sl1n9yynbqzmbh/T//cc6terzc.o /var/folders/tx/zx2w175s60d6pmn_sl1n9yynbqzmbh/T//ccfeODe8.s
Apple clang version 15.0.0 (clang-1500.3.9.4)
Target: x86_64-apple-darwin23.5.0
Thread model: posix
InstalledDir: /Library/Developer/CommandLineTools/usr/bin
 "/Library/Developer/CommandLineTools/usr/bin/clang" -cc1as -triple x86_64-apple-macosx14.0.0 -filetype obj -main-file-name ccfeODe8.s -target-cpu penryn -fdebug-compilation-dir=/Users/gz6/Documents/git-repos/Pellets/src/CMakeFiles/3.24.4/CompilerIdFortran -dwarf-debug-producer "Apple clang version 15.0.0 (clang-1500.3.9.4)" -dwarf-version=4 -mrelocation-model pic --mrelax-relocations -mllvm -x86-pad-for-align=false -mllvm -disable-aligned-alloc-awareness=1 -o /var/folders/tx/zx2w175s60d6pmn_sl1n9yynbqzmbh/T//cc6terzc.o /var/folders/tx/zx2w175s60d6pmn_sl1n9yynbqzmbh/T//ccfeODe8.s
Reading specs from /usr/local/Cellar/gcc/14.1.0_1/bin/../lib/gcc/current/gcc/x86_64-apple-darwin23/14/../../../libgfortran.spec
rename spec lib to liborig
COLLECT_GCC_OPTIONS='-v' '-mmacosx-version-min=14.0.0'  '-nodefaultexport' '-shared-libgcc' '-mtune=core2' '-dumpdir' 'a-'
COMPILER_PATH=/usr/local/Cellar/gcc/14.1.0_1/bin/../libexec/gcc/x86_64-apple-darwin23/14/:/usr/local/Cellar/gcc/14.1.0_1/bin/../libexec/gcc/
LIBRARY_PATH=/usr/local/Cellar/gcc/14.1.0_1/bin/../lib/gcc/current/gcc/x86_64-apple-darwin23/14/:/usr/local/Cellar/gcc/14.1.0_1/bin/../lib/gcc/current/gcc/:/usr/local/Cellar/gcc/14.1.0_1/bin/../lib/gcc/current/gcc/x86_64-apple-darwin23/14/../../../
COLLECT_GCC_OPTIONS='-v' '-mmacosx-version-min=14.0.0'  '-nodefaultexport' '-shared-libgcc' '-mtune=core2' '-dumpdir' 'a.'
 /usr/local/Cellar/gcc/14.1.0_1/bin/../libexec/gcc/x86_64-apple-darwin23/14/collect2 -demangle -syslibroot /Library/Developer/CommandLineTools/SDKs/MacOSX14.sdk/ -dynamic -arch x86_64 -platform_version macos 14.0.0 0.0 -o a.out -L/usr/local/Cellar/gcc/14.1.0_1/bin/../lib/gcc/current/gcc/x86_64-apple-darwin23/14 -L/usr/local/Cellar/gcc/14.1.0_1/bin/../lib/gcc/current/gcc -L/usr/local/Cellar/gcc/14.1.0_1/bin/../lib/gcc/current/gcc/x86_64-apple-darwin23/14/../../.. -lemutls_w -lheapt_w /var/folders/tx/zx2w175s60d6pmn_sl1n9yynbqzmbh/T//cc6terzc.o -lgfortran -lgcc_s.1.1 -lgcc -lquadmath -lSystem -no_compact_unwind -rpath @loader_path -rpath /usr/local/Cellar/gcc/14.1.0_1/lib/gcc/current/gcc/x86_64-apple-darwin23/14 -rpath /usr/local/Cellar/gcc/14.1.0_1/lib/gcc/current/gcc -rpath /usr/local/Cellar/gcc/14.1.0_1/lib/gcc/current


Compilation of the Fortran compiler identification source "CMakeFortranCompilerId.F" produced "a.out"

The Fortran compiler identification is GNU, found in "/Users/gz6/Documents/git-repos/Pellets/src/CMakeFiles/3.24.4/CompilerIdFortran/a.out"

Detecting Fortran compiler ABI info compiled with the following output:
Change Dir: /Users/gz6/Documents/git-repos/Pellets/src/CMakeFiles/CMakeTmp

Run Build Command(s):/usr/bin/make -f Makefile cmTC_08fe3/fast && /Library/Developer/CommandLineTools/usr/bin/make  -f CMakeFiles/cmTC_08fe3.dir/build.make CMakeFiles/cmTC_08fe3.dir/build
Building Fortran object CMakeFiles/cmTC_08fe3.dir/CMakeFortranCompilerABI.F90.o
/usr/local/bin/gfortran   -isysroot /Library/Developer/CommandLineTools/SDKs/MacOSX14.4.sdk   -v -Wl,-v -c /opt/local/share/cmake-3.24/Modules/CMakeFortranCompilerABI.F90 -o CMakeFiles/cmTC_08fe3.dir/CMakeFortranCompilerABI.F90.o
Using built-in specs.
COLLECT_GCC=/usr/local/bin/gfortran
Target: x86_64-apple-darwin23
Configured with: ../configure --prefix=/usr/local/opt/gcc --libdir=/usr/local/opt/gcc/lib/gcc/current --disable-nls --enable-checking=release --with-gcc-major-version-only --enable-languages=c,c++,objc,obj-c++,fortran --program-suffix=-14 --with-gmp=/usr/local/opt/gmp --with-mpfr=/usr/local/opt/mpfr --with-mpc=/usr/local/opt/libmpc --with-isl=/usr/local/opt/isl --with-zstd=/usr/local/opt/zstd --with-pkgversion='Homebrew GCC 14.1.0_1' --with-bugurl=https://github.com/Homebrew/homebrew-core/issues --with-system-zlib --build=x86_64-apple-darwin23 --with-sysroot=/Library/Developer/CommandLineTools/SDKs/MacOSX14.sdk
Thread model: posix
Supported LTO compression algorithms: zlib zstd
gcc version 14.1.0 (Homebrew GCC 14.1.0_1) 
COLLECT_GCC_OPTIONS='-isysroot' '/Library/Developer/CommandLineTools/SDKs/MacOSX14.4.sdk' '-v' '-c' '-o' 'CMakeFiles/cmTC_08fe3.dir/CMakeFortranCompilerABI.F90.o' '-mmacosx-version-min=14.0.0' '-asm_macosx_version_min=14.0' '-nodefaultexport' '-mtune=core2' '-dumpdir' 'CMakeFiles/cmTC_08fe3.dir/'
 /usr/local/Cellar/gcc/14.1.0_1/bin/../libexec/gcc/x86_64-apple-darwin23/14/f951 /opt/local/share/cmake-3.24/Modules/CMakeFortranCompilerABI.F90 -cpp=/var/folders/tx/zx2w175s60d6pmn_sl1n9yynbqzmbh/T//cc6TZIzU.fii -quiet -v -iprefix /usr/local/Cellar/gcc/14.1.0_1/bin/../lib/gcc/current/gcc/x86_64-apple-darwin23/14/ -D__DYNAMIC__ -isysroot /Library/Developer/CommandLineTools/SDKs/MacOSX14.4.sdk /opt/local/share/cmake-3.24/Modules/CMakeFortranCompilerABI.F90 -fPIC -quiet -dumpdir CMakeFiles/cmTC_08fe3.dir/ -dumpbase CMakeFortranCompilerABI.F90.F90 -dumpbase-ext .F90 -mmacosx-version-min=14.0.0 -mtune=core2 -version -fintrinsic-modules-path /usr/local/Cellar/gcc/14.1.0_1/bin/../lib/gcc/current/gcc/x86_64-apple-darwin23/14/finclude -o /var/folders/tx/zx2w175s60d6pmn_sl1n9yynbqzmbh/T//ccKJA6Jd.s
GNU Fortran (Homebrew GCC 14.1.0_1) version 14.1.0 (x86_64-apple-darwin23)
	compiled by GNU C version 14.1.0, GMP version 6.3.0, MPFR version 4.2.1, MPC version 1.3.1, isl version isl-0.26-GMP

GGC heuristics: --param ggc-min-expand=100 --param ggc-min-heapsize=131072
ignoring nonexistent directory "/usr/local/Cellar/gcc/14.1.0_1/bin/../lib/gcc/current/gcc/x86_64-apple-darwin23/14/../../../../../../x86_64-apple-darwin23/include"
ignoring duplicate directory "/usr/local/Cellar/gcc/14.1.0_1/bin/../lib/gcc/current/gcc/../../../../lib/gcc/current/gcc/x86_64-apple-darwin23/14/include"
ignoring nonexistent directory "/Library/Developer/CommandLineTools/SDKs/MacOSX14.4.sdk/usr/local/include"
ignoring duplicate directory "/usr/local/Cellar/gcc/14.1.0_1/bin/../lib/gcc/current/gcc/../../../../lib/gcc/current/gcc/x86_64-apple-darwin23/14/include-fixed"
ignoring nonexistent directory "/usr/local/Cellar/gcc/14.1.0_1/bin/../lib/gcc/current/gcc/../../../../lib/gcc/current/gcc/x86_64-apple-darwin23/14/../../../../../../x86_64-apple-darwin23/include"
#include "..." search starts here:
#include <...> search starts here:
 /usr/local/Cellar/gcc/14.1.0_1/bin/../lib/gcc/current/gcc/x86_64-apple-darwin23/14/finclude
 /usr/local/Cellar/gcc/14.1.0_1/bin/../lib/gcc/current/gcc/x86_64-apple-darwin23/14/include
 /usr/local/Cellar/gcc/14.1.0_1/bin/../lib/gcc/current/gcc/x86_64-apple-darwin23/14/include-fixed
 /Library/Developer/CommandLineTools/SDKs/MacOSX14.4.sdk/usr/include
End of search list.
COLLECT_GCC_OPTIONS='-isysroot' '/Library/Developer/CommandLineTools/SDKs/MacOSX14.4.sdk' '-v' '-c' '-o' 'CMakeFiles/cmTC_08fe3.dir/CMakeFortranCompilerABI.F90.o' '-mmacosx-version-min=14.0.0'  '-nodefaultexport' '-mtune=core2' '-dumpdir' 'CMakeFiles/cmTC_08fe3.dir/'
 as -arch x86_64 -v -mmacosx-version-min=14.0 -mllvm -x86-pad-for-align=false -force_cpusubtype_ALL -o CMakeFiles/cmTC_08fe3.dir/CMakeFortranCompilerABI.F90.o /var/folders/tx/zx2w175s60d6pmn_sl1n9yynbqzmbh/T//ccKJA6Jd.s
Apple clang version 15.0.0 (clang-1500.3.9.4)
Target: x86_64-apple-darwin23.5.0
Thread model: posix
InstalledDir: /Library/Developer/CommandLineTools/usr/bin
 "/Library/Developer/CommandLineTools/usr/bin/clang" -cc1as -triple x86_64-apple-macosx14.0.0 -filetype obj -main-file-name ccKJA6Jd.s -target-cpu penryn -fdebug-compilation-dir=/Users/gz6/Documents/git-repos/Pellets/src/CMakeFiles/CMakeTmp -dwarf-debug-producer "Apple clang version 15.0.0 (clang-1500.3.9.4)" -dwarf-version=4 -mrelocation-model pic --mrelax-relocations -mllvm -x86-pad-for-align=false -mllvm -disable-aligned-alloc-awareness=1 -o CMakeFiles/cmTC_08fe3.dir/CMakeFortranCompilerABI.F90.o /var/folders/tx/zx2w175s60d6pmn_sl1n9yynbqzmbh/T//ccKJA6Jd.s
COMPILER_PATH=/usr/local/Cellar/gcc/14.1.0_1/bin/../libexec/gcc/x86_64-apple-darwin23/14/:/usr/local/Cellar/gcc/14.1.0_1/bin/../libexec/gcc/
LIBRARY_PATH=/usr/local/Cellar/gcc/14.1.0_1/bin/../lib/gcc/current/gcc/x86_64-apple-darwin23/14/:/usr/local/Cellar/gcc/14.1.0_1/bin/../lib/gcc/current/gcc/:/usr/local/Cellar/gcc/14.1.0_1/bin/../lib/gcc/current/gcc/x86_64-apple-darwin23/14/../../../
COLLECT_GCC_OPTIONS='-isysroot' '/Library/Developer/CommandLineTools/SDKs/MacOSX14.4.sdk' '-v' '-c' '-o' 'CMakeFiles/cmTC_08fe3.dir/CMakeFortranCompilerABI.F90.o' '-mmacosx-version-min=14.0.0'  '-nodefaultexport' '-mtune=core2' '-dumpdir' 'CMakeFiles/cmTC_08fe3.dir/CMakeFortranCompilerABI.F90.'
Linking Fortran executable cmTC_08fe3
/opt/local/bin/cmake -E cmake_link_script CMakeFiles/cmTC_08fe3.dir/link.txt --verbose=1
/usr/local/bin/gfortran  -v -Wl,-v  -isysroot /Library/Developer/CommandLineTools/SDKs/MacOSX14.4.sdk CMakeFiles/cmTC_08fe3.dir/CMakeFortranCompilerABI.F90.o -o cmTC_08fe3 
Driving: /usr/local/bin/gfortran -v -Wl,-v -isysroot /Library/Developer/CommandLineTools/SDKs/MacOSX14.4.sdk CMakeFiles/cmTC_08fe3.dir/CMakeFortranCompilerABI.F90.o -o cmTC_08fe3 -mmacosx-version-min=14.0.0 -asm_macosx_version_min=14.0 -nodefaultexport -l gfortran -shared-libgcc
Using built-in specs.
COLLECT_GCC=/usr/local/bin/gfortran
COLLECT_LTO_WRAPPER=/usr/local/Cellar/gcc/14.1.0_1/bin/../libexec/gcc/x86_64-apple-darwin23/14/lto-wrapper
Target: x86_64-apple-darwin23
Configured with: ../configure --prefix=/usr/local/opt/gcc --libdir=/usr/local/opt/gcc/lib/gcc/current --disable-nls --enable-checking=release --with-gcc-major-version-only --enable-languages=c,c++,objc,obj-c++,fortran --program-suffix=-14 --with-gmp=/usr/local/opt/gmp --with-mpfr=/usr/local/opt/mpfr --with-mpc=/usr/local/opt/libmpc --with-isl=/usr/local/opt/isl --with-zstd=/usr/local/opt/zstd --with-pkgversion='Homebrew GCC 14.1.0_1' --with-bugurl=https://github.com/Homebrew/homebrew-core/issues --with-system-zlib --build=x86_64-apple-darwin23 --with-sysroot=/Library/Developer/CommandLineTools/SDKs/MacOSX14.sdk
Thread model: posix
Supported LTO compression algorithms: zlib zstd
gcc version 14.1.0 (Homebrew GCC 14.1.0_1) 
Reading specs from /usr/local/Cellar/gcc/14.1.0_1/bin/../lib/gcc/current/gcc/x86_64-apple-darwin23/14/../../../libgfortran.spec
rename spec lib to liborig
COLLECT_GCC_OPTIONS='-v' '-isysroot' '/Library/Developer/CommandLineTools/SDKs/MacOSX14.4.sdk' '-o' 'cmTC_08fe3' '-mmacosx-version-min=14.0.0' '-asm_macosx_version_min=14.0' '-nodefaultexport' '-shared-libgcc' '-mtune=core2' '-dumpdir' 'cmTC_08fe3-'
COMPILER_PATH=/usr/local/Cellar/gcc/14.1.0_1/bin/../libexec/gcc/x86_64-apple-darwin23/14/:/usr/local/Cellar/gcc/14.1.0_1/bin/../libexec/gcc/
LIBRARY_PATH=/usr/local/Cellar/gcc/14.1.0_1/bin/../lib/gcc/current/gcc/x86_64-apple-darwin23/14/:/usr/local/Cellar/gcc/14.1.0_1/bin/../lib/gcc/current/gcc/:/usr/local/Cellar/gcc/14.1.0_1/bin/../lib/gcc/current/gcc/x86_64-apple-darwin23/14/../../../
COLLECT_GCC_OPTIONS='-v' '-isysroot' '/Library/Developer/CommandLineTools/SDKs/MacOSX14.4.sdk' '-o' 'cmTC_08fe3' '-mmacosx-version-min=14.0.0' '-asm_macosx_version_min=14.0' '-nodefaultexport' '-shared-libgcc' '-mtune=core2' '-dumpdir' 'cmTC_08fe3.'
 /usr/local/Cellar/gcc/14.1.0_1/bin/../libexec/gcc/x86_64-apple-darwin23/14/collect2 -demangle -dynamic -arch x86_64 -syslibroot /Library/Developer/CommandLineTools/SDKs/MacOSX14.4.sdk -platform_version macos 14.0.0 0.0 -o cmTC_08fe3 -L/usr/local/Cellar/gcc/14.1.0_1/bin/../lib/gcc/current/gcc/x86_64-apple-darwin23/14 -L/usr/local/Cellar/gcc/14.1.0_1/bin/../lib/gcc/current/gcc -L/usr/local/Cellar/gcc/14.1.0_1/bin/../lib/gcc/current/gcc/x86_64-apple-darwin23/14/../../.. -lemutls_w -lheapt_w -v CMakeFiles/cmTC_08fe3.dir/CMakeFortranCompilerABI.F90.o -lgfortran -lgcc_s.1.1 -lgcc -lquadmath -lSystem -no_compact_unwind -rpath @loader_path -rpath /usr/local/Cellar/gcc/14.1.0_1/lib/gcc/current/gcc/x86_64-apple-darwin23/14 -rpath /usr/local/Cellar/gcc/14.1.0_1/lib/gcc/current/gcc -rpath /usr/local/Cellar/gcc/14.1.0_1/lib/gcc/current
collect2 version 14.1.0
/opt/local/bin/ld -demangle -dynamic -arch x86_64 -syslibroot /Library/Developer/CommandLineTools/SDKs/MacOSX14.4.sdk -platform_version macos 14.0.0 0.0 -o cmTC_08fe3 -L/usr/local/Cellar/gcc/14.1.0_1/bin/../lib/gcc/current/gcc/x86_64-apple-darwin23/14 -L/usr/local/Cellar/gcc/14.1.0_1/bin/../lib/gcc/current/gcc -L/usr/local/Cellar/gcc/14.1.0_1/bin/../lib/gcc/current/gcc/x86_64-apple-darwin23/14/../../.. -lemutls_w -lheapt_w -v CMakeFiles/cmTC_08fe3.dir/CMakeFortranCompilerABI.F90.o -lgfortran -lgcc_s.1.1 -lgcc -lquadmath -lSystem -no_compact_unwind -rpath @loader_path -rpath /usr/local/Cellar/gcc/14.1.0_1/lib/gcc/current/gcc/x86_64-apple-darwin23/14 -rpath /usr/local/Cellar/gcc/14.1.0_1/lib/gcc/current/gcc -rpath /usr/local/Cellar/gcc/14.1.0_1/lib/gcc/current
@(#)PROGRAM:ld PROJECT:ld-1053.12
BUILD 15:44:24 Feb  3 2024
configured to support archs: armv6 armv7 armv7s arm64 arm64e arm64_32 i386 x86_64 x86_64h armv6m armv7k armv7m armv7em
will use ld-classic for: armv6 armv7 armv7s arm64_32 i386 armv6m armv7k armv7m armv7em
LTO support using: LLVM version 15.0.0 (static support for 29, runtime is 29)
TAPI support using: Apple TAPI version 15.0.0 (tapi-1500.3.2.2)
Library search paths:
	/usr/local/Cellar/gcc/14.1.0_1/lib/gcc/current/gcc/x86_64-apple-darwin23/14
	/usr/local/Cellar/gcc/14.1.0_1/lib/gcc/current/gcc
	/usr/local/Cellar/gcc/14.1.0_1/lib/gcc/current
	/Library/Developer/CommandLineTools/SDKs/MacOSX14.4.sdk/usr/lib
	/Library/Developer/CommandLineTools/SDKs/MacOSX14.4.sdk/usr/lib/swift
Framework search paths:
	/Library/Developer/CommandLineTools/SDKs/MacOSX14.4.sdk/System/Library/Frameworks



Parsed Fortran implicit include dir info from above output: rv=done
  found start of include info
  found start of implicit include info
    add: [/usr/local/Cellar/gcc/14.1.0_1/bin/../lib/gcc/current/gcc/x86_64-apple-darwin23/14/finclude]
    add: [/usr/local/Cellar/gcc/14.1.0_1/bin/../lib/gcc/current/gcc/x86_64-apple-darwin23/14/include]
    add: [/usr/local/Cellar/gcc/14.1.0_1/bin/../lib/gcc/current/gcc/x86_64-apple-darwin23/14/include-fixed]
    add: [/Library/Developer/CommandLineTools/SDKs/MacOSX14.4.sdk/usr/include]
  end of search list found
  collapse include dir [/usr/local/Cellar/gcc/14.1.0_1/bin/../lib/gcc/current/gcc/x86_64-apple-darwin23/14/finclude] ==> [/usr/local/Cellar/gcc/14.1.0_1/lib/gcc/current/gcc/x86_64-apple-darwin23/14/finclude]
  collapse include dir [/usr/local/Cellar/gcc/14.1.0_1/bin/../lib/gcc/current/gcc/x86_64-apple-darwin23/14/include] ==> [/usr/local/Cellar/gcc/14.1.0_1/lib/gcc/current/gcc/x86_64-apple-darwin23/14/include]
  collapse include dir [/usr/local/Cellar/gcc/14.1.0_1/bin/../lib/gcc/current/gcc/x86_64-apple-darwin23/14/include-fixed] ==> [/usr/local/Cellar/gcc/14.1.0_1/lib/gcc/current/gcc/x86_64-apple-darwin23/14/include-fixed]
  collapse include dir [/Library/Developer/CommandLineTools/SDKs/MacOSX14.4.sdk/usr/include] ==> [/Library/Developer/CommandLineTools/SDKs/MacOSX14.4.sdk/usr/include]
  implicit include dirs: [/usr/local/Cellar/gcc/14.1.0_1/lib/gcc/current/gcc/x86_64-apple-darwin23/14/finclude;/usr/local/Cellar/gcc/14.1.0_1/lib/gcc/current/gcc/x86_64-apple-darwin23/14/include;/usr/local/Cellar/gcc/14.1.0_1/lib/gcc/current/gcc/x86_64-apple-darwin23/14/include-fixed;/Library/Developer/CommandLineTools/SDKs/MacOSX14.4.sdk/usr/include]


Parsed Fortran implicit link information from above output:
  link line regex: [^( *|.*[/\])(ld|CMAKE_LINK_STARTFILE-NOTFOUND|([^/\]+-)?ld|collect2)[^/\]*( |$)]
  ignore line: [Change Dir: /Users/gz6/Documents/git-repos/Pellets/src/CMakeFiles/CMakeTmp]
  ignore line: []
  ignore line: [Run Build Command(s):/usr/bin/make -f Makefile cmTC_08fe3/fast && /Library/Developer/CommandLineTools/usr/bin/make  -f CMakeFiles/cmTC_08fe3.dir/build.make CMakeFiles/cmTC_08fe3.dir/build]
  ignore line: [Building Fortran object CMakeFiles/cmTC_08fe3.dir/CMakeFortranCompilerABI.F90.o]
  ignore line: [/usr/local/bin/gfortran   -isysroot /Library/Developer/CommandLineTools/SDKs/MacOSX14.4.sdk   -v -Wl -v -c /opt/local/share/cmake-3.24/Modules/CMakeFortranCompilerABI.F90 -o CMakeFiles/cmTC_08fe3.dir/CMakeFortranCompilerABI.F90.o]
  ignore line: [Using built-in specs.]
  ignore line: [COLLECT_GCC=/usr/local/bin/gfortran]
  ignore line: [Target: x86_64-apple-darwin23]
  ignore line: [Configured with: ../configure --prefix=/usr/local/opt/gcc --libdir=/usr/local/opt/gcc/lib/gcc/current --disable-nls --enable-checking=release --with-gcc-major-version-only --enable-languages=c c++ objc obj-c++ fortran --program-suffix=-14 --with-gmp=/usr/local/opt/gmp --with-mpfr=/usr/local/opt/mpfr --with-mpc=/usr/local/opt/libmpc --with-isl=/usr/local/opt/isl --with-zstd=/usr/local/opt/zstd --with-pkgversion='Homebrew GCC 14.1.0_1' --with-bugurl=https://github.com/Homebrew/homebrew-core/issues --with-system-zlib --build=x86_64-apple-darwin23 --with-sysroot=/Library/Developer/CommandLineTools/SDKs/MacOSX14.sdk]
  ignore line: [Thread model: posix]
  ignore line: [Supported LTO compression algorithms: zlib zstd]
  ignore line: [gcc version 14.1.0 (Homebrew GCC 14.1.0_1) ]
  ignore line: [COLLECT_GCC_OPTIONS='-isysroot' '/Library/Developer/CommandLineTools/SDKs/MacOSX14.4.sdk' '-v' '-c' '-o' 'CMakeFiles/cmTC_08fe3.dir/CMakeFortranCompilerABI.F90.o' '-mmacosx-version-min=14.0.0' '-asm_macosx_version_min=14.0' '-nodefaultexport' '-mtune=core2' '-dumpdir' 'CMakeFiles/cmTC_08fe3.dir/']
  ignore line: [ /usr/local/Cellar/gcc/14.1.0_1/bin/../libexec/gcc/x86_64-apple-darwin23/14/f951 /opt/local/share/cmake-3.24/Modules/CMakeFortranCompilerABI.F90 -cpp=/var/folders/tx/zx2w175s60d6pmn_sl1n9yynbqzmbh/T//cc6TZIzU.fii -quiet -v -iprefix /usr/local/Cellar/gcc/14.1.0_1/bin/../lib/gcc/current/gcc/x86_64-apple-darwin23/14/ -D__DYNAMIC__ -isysroot /Library/Developer/CommandLineTools/SDKs/MacOSX14.4.sdk /opt/local/share/cmake-3.24/Modules/CMakeFortranCompilerABI.F90 -fPIC -quiet -dumpdir CMakeFiles/cmTC_08fe3.dir/ -dumpbase CMakeFortranCompilerABI.F90.F90 -dumpbase-ext .F90 -mmacosx-version-min=14.0.0 -mtune=core2 -version -fintrinsic-modules-path /usr/local/Cellar/gcc/14.1.0_1/bin/../lib/gcc/current/gcc/x86_64-apple-darwin23/14/finclude -o /var/folders/tx/zx2w175s60d6pmn_sl1n9yynbqzmbh/T//ccKJA6Jd.s]
  ignore line: [GNU Fortran (Homebrew GCC 14.1.0_1) version 14.1.0 (x86_64-apple-darwin23)]
  ignore line: [	compiled by GNU C version 14.1.0  GMP version 6.3.0  MPFR version 4.2.1  MPC version 1.3.1  isl version isl-0.26-GMP]
  ignore line: []
  ignore line: [GGC heuristics: --param ggc-min-expand=100 --param ggc-min-heapsize=131072]
  ignore line: [ignoring nonexistent directory "/usr/local/Cellar/gcc/14.1.0_1/bin/../lib/gcc/current/gcc/x86_64-apple-darwin23/14/../../../../../../x86_64-apple-darwin23/include"]
  ignore line: [ignoring duplicate directory "/usr/local/Cellar/gcc/14.1.0_1/bin/../lib/gcc/current/gcc/../../../../lib/gcc/current/gcc/x86_64-apple-darwin23/14/include"]
  ignore line: [ignoring nonexistent directory "/Library/Developer/CommandLineTools/SDKs/MacOSX14.4.sdk/usr/local/include"]
  ignore line: [ignoring duplicate directory "/usr/local/Cellar/gcc/14.1.0_1/bin/../lib/gcc/current/gcc/../../../../lib/gcc/current/gcc/x86_64-apple-darwin23/14/include-fixed"]
  ignore line: [ignoring nonexistent directory "/usr/local/Cellar/gcc/14.1.0_1/bin/../lib/gcc/current/gcc/../../../../lib/gcc/current/gcc/x86_64-apple-darwin23/14/../../../../../../x86_64-apple-darwin23/include"]
  ignore line: [#include "..." search starts here:]
  ignore line: [#include <...> search starts here:]
  ignore line: [ /usr/local/Cellar/gcc/14.1.0_1/bin/../lib/gcc/current/gcc/x86_64-apple-darwin23/14/finclude]
  ignore line: [ /usr/local/Cellar/gcc/14.1.0_1/bin/../lib/gcc/current/gcc/x86_64-apple-darwin23/14/include]
  ignore line: [ /usr/local/Cellar/gcc/14.1.0_1/bin/../lib/gcc/current/gcc/x86_64-apple-darwin23/14/include-fixed]
  ignore line: [ /Library/Developer/CommandLineTools/SDKs/MacOSX14.4.sdk/usr/include]
  ignore line: [End of search list.]
  ignore line: [COLLECT_GCC_OPTIONS='-isysroot' '/Library/Developer/CommandLineTools/SDKs/MacOSX14.4.sdk' '-v' '-c' '-o' 'CMakeFiles/cmTC_08fe3.dir/CMakeFortranCompilerABI.F90.o' '-mmacosx-version-min=14.0.0'  '-nodefaultexport' '-mtune=core2' '-dumpdir' 'CMakeFiles/cmTC_08fe3.dir/']
  ignore line: [ as -arch x86_64 -v -mmacosx-version-min=14.0 -mllvm -x86-pad-for-align=false -force_cpusubtype_ALL -o CMakeFiles/cmTC_08fe3.dir/CMakeFortranCompilerABI.F90.o /var/folders/tx/zx2w175s60d6pmn_sl1n9yynbqzmbh/T//ccKJA6Jd.s]
  ignore line: [Apple clang version 15.0.0 (clang-1500.3.9.4)]
  ignore line: [Target: x86_64-apple-darwin23.5.0]
  ignore line: [Thread model: posix]
  ignore line: [InstalledDir: /Library/Developer/CommandLineTools/usr/bin]
  ignore line: [ "/Library/Developer/CommandLineTools/usr/bin/clang" -cc1as -triple x86_64-apple-macosx14.0.0 -filetype obj -main-file-name ccKJA6Jd.s -target-cpu penryn -fdebug-compilation-dir=/Users/gz6/Documents/git-repos/Pellets/src/CMakeFiles/CMakeTmp -dwarf-debug-producer "Apple clang version 15.0.0 (clang-1500.3.9.4)" -dwarf-version=4 -mrelocation-model pic --mrelax-relocations -mllvm -x86-pad-for-align=false -mllvm -disable-aligned-alloc-awareness=1 -o CMakeFiles/cmTC_08fe3.dir/CMakeFortranCompilerABI.F90.o /var/folders/tx/zx2w175s60d6pmn_sl1n9yynbqzmbh/T//ccKJA6Jd.s]
  ignore line: [COMPILER_PATH=/usr/local/Cellar/gcc/14.1.0_1/bin/../libexec/gcc/x86_64-apple-darwin23/14/:/usr/local/Cellar/gcc/14.1.0_1/bin/../libexec/gcc/]
  ignore line: [LIBRARY_PATH=/usr/local/Cellar/gcc/14.1.0_1/bin/../lib/gcc/current/gcc/x86_64-apple-darwin23/14/:/usr/local/Cellar/gcc/14.1.0_1/bin/../lib/gcc/current/gcc/:/usr/local/Cellar/gcc/14.1.0_1/bin/../lib/gcc/current/gcc/x86_64-apple-darwin23/14/../../../]
  ignore line: [COLLECT_GCC_OPTIONS='-isysroot' '/Library/Developer/CommandLineTools/SDKs/MacOSX14.4.sdk' '-v' '-c' '-o' 'CMakeFiles/cmTC_08fe3.dir/CMakeFortranCompilerABI.F90.o' '-mmacosx-version-min=14.0.0'  '-nodefaultexport' '-mtune=core2' '-dumpdir' 'CMakeFiles/cmTC_08fe3.dir/CMakeFortranCompilerABI.F90.']
  ignore line: [Linking Fortran executable cmTC_08fe3]
  ignore line: [/opt/local/bin/cmake -E cmake_link_script CMakeFiles/cmTC_08fe3.dir/link.txt --verbose=1]
  ignore line: [/usr/local/bin/gfortran  -v -Wl -v  -isysroot /Library/Developer/CommandLineTools/SDKs/MacOSX14.4.sdk CMakeFiles/cmTC_08fe3.dir/CMakeFortranCompilerABI.F90.o -o cmTC_08fe3 ]
  ignore line: [Driving: /usr/local/bin/gfortran -v -Wl -v -isysroot /Library/Developer/CommandLineTools/SDKs/MacOSX14.4.sdk CMakeFiles/cmTC_08fe3.dir/CMakeFortranCompilerABI.F90.o -o cmTC_08fe3 -mmacosx-version-min=14.0.0 -asm_macosx_version_min=14.0 -nodefaultexport -l gfortran -shared-libgcc]
  ignore line: [Using built-in specs.]
  ignore line: [COLLECT_GCC=/usr/local/bin/gfortran]
  ignore line: [COLLECT_LTO_WRAPPER=/usr/local/Cellar/gcc/14.1.0_1/bin/../libexec/gcc/x86_64-apple-darwin23/14/lto-wrapper]
  ignore line: [Target: x86_64-apple-darwin23]
  ignore line: [Configured with: ../configure --prefix=/usr/local/opt/gcc --libdir=/usr/local/opt/gcc/lib/gcc/current --disable-nls --enable-checking=release --with-gcc-major-version-only --enable-languages=c c++ objc obj-c++ fortran --program-suffix=-14 --with-gmp=/usr/local/opt/gmp --with-mpfr=/usr/local/opt/mpfr --with-mpc=/usr/local/opt/libmpc --with-isl=/usr/local/opt/isl --with-zstd=/usr/local/opt/zstd --with-pkgversion='Homebrew GCC 14.1.0_1' --with-bugurl=https://github.com/Homebrew/homebrew-core/issues --with-system-zlib --build=x86_64-apple-darwin23 --with-sysroot=/Library/Developer/CommandLineTools/SDKs/MacOSX14.sdk]
  ignore line: [Thread model: posix]
  ignore line: [Supported LTO compression algorithms: zlib zstd]
  ignore line: [gcc version 14.1.0 (Homebrew GCC 14.1.0_1) ]
  ignore line: [Reading specs from /usr/local/Cellar/gcc/14.1.0_1/bin/../lib/gcc/current/gcc/x86_64-apple-darwin23/14/../../../libgfortran.spec]
  ignore line: [rename spec lib to liborig]
  ignore line: [COLLECT_GCC_OPTIONS='-v' '-isysroot' '/Library/Developer/CommandLineTools/SDKs/MacOSX14.4.sdk' '-o' 'cmTC_08fe3' '-mmacosx-version-min=14.0.0' '-asm_macosx_version_min=14.0' '-nodefaultexport' '-shared-libgcc' '-mtune=core2' '-dumpdir' 'cmTC_08fe3-']
  ignore line: [COMPILER_PATH=/usr/local/Cellar/gcc/14.1.0_1/bin/../libexec/gcc/x86_64-apple-darwin23/14/:/usr/local/Cellar/gcc/14.1.0_1/bin/../libexec/gcc/]
  ignore line: [LIBRARY_PATH=/usr/local/Cellar/gcc/14.1.0_1/bin/../lib/gcc/current/gcc/x86_64-apple-darwin23/14/:/usr/local/Cellar/gcc/14.1.0_1/bin/../lib/gcc/current/gcc/:/usr/local/Cellar/gcc/14.1.0_1/bin/../lib/gcc/current/gcc/x86_64-apple-darwin23/14/../../../]
  ignore line: [COLLECT_GCC_OPTIONS='-v' '-isysroot' '/Library/Developer/CommandLineTools/SDKs/MacOSX14.4.sdk' '-o' 'cmTC_08fe3' '-mmacosx-version-min=14.0.0' '-asm_macosx_version_min=14.0' '-nodefaultexport' '-shared-libgcc' '-mtune=core2' '-dumpdir' 'cmTC_08fe3.']
  link line: [ /usr/local/Cellar/gcc/14.1.0_1/bin/../libexec/gcc/x86_64-apple-darwin23/14/collect2 -demangle -dynamic -arch x86_64 -syslibroot /Library/Developer/CommandLineTools/SDKs/MacOSX14.4.sdk -platform_version macos 14.0.0 0.0 -o cmTC_08fe3 -L/usr/local/Cellar/gcc/14.1.0_1/bin/../lib/gcc/current/gcc/x86_64-apple-darwin23/14 -L/usr/local/Cellar/gcc/14.1.0_1/bin/../lib/gcc/current/gcc -L/usr/local/Cellar/gcc/14.1.0_1/bin/../lib/gcc/current/gcc/x86_64-apple-darwin23/14/../../.. -lemutls_w -lheapt_w -v CMakeFiles/cmTC_08fe3.dir/CMakeFortranCompilerABI.F90.o -lgfortran -lgcc_s.1.1 -lgcc -lquadmath -lSystem -no_compact_unwind -rpath @loader_path -rpath /usr/local/Cellar/gcc/14.1.0_1/lib/gcc/current/gcc/x86_64-apple-darwin23/14 -rpath /usr/local/Cellar/gcc/14.1.0_1/lib/gcc/current/gcc -rpath /usr/local/Cellar/gcc/14.1.0_1/lib/gcc/current]
    arg [/usr/local/Cellar/gcc/14.1.0_1/bin/../libexec/gcc/x86_64-apple-darwin23/14/collect2] ==> ignore
    arg [-demangle] ==> ignore
    arg [-dynamic] ==> ignore
    arg [-arch] ==> ignore
    arg [x86_64] ==> ignore
    arg [-syslibroot] ==> ignore
    arg [/Library/Developer/CommandLineTools/SDKs/MacOSX14.4.sdk] ==> ignore
    arg [-platform_version] ==> ignore
    arg [macos] ==> ignore
    arg [14.0.0] ==> ignore
    arg [0.0] ==> ignore
    arg [-o] ==> ignore
    arg [cmTC_08fe3] ==> ignore
    arg [-L/usr/local/Cellar/gcc/14.1.0_1/bin/../lib/gcc/current/gcc/x86_64-apple-darwin23/14] ==> dir [/usr/local/Cellar/gcc/14.1.0_1/bin/../lib/gcc/current/gcc/x86_64-apple-darwin23/14]
    arg [-L/usr/local/Cellar/gcc/14.1.0_1/bin/../lib/gcc/current/gcc] ==> dir [/usr/local/Cellar/gcc/14.1.0_1/bin/../lib/gcc/current/gcc]
    arg [-L/usr/local/Cellar/gcc/14.1.0_1/bin/../lib/gcc/current/gcc/x86_64-apple-darwin23/14/../../..] ==> dir [/usr/local/Cellar/gcc/14.1.0_1/bin/../lib/gcc/current/gcc/x86_64-apple-darwin23/14/../../..]
    arg [-lemutls_w] ==> lib [emutls_w]
    arg [-lheapt_w] ==> lib [heapt_w]
    arg [-v] ==> ignore
    arg [CMakeFiles/cmTC_08fe3.dir/CMakeFortranCompilerABI.F90.o] ==> ignore
    arg [-lgfortran] ==> lib [gfortran]
    arg [-lgcc_s.1.1] ==> lib [gcc_s.1.1]
    arg [-lgcc] ==> lib [gcc]
    arg [-lquadmath] ==> lib [quadmath]
    arg [-lSystem] ==> lib [System]
    arg [-no_compact_unwind] ==> ignore
    arg [-rpath] ==> ignore
    arg [@loader_path] ==> ignore
    arg [-rpath] ==> ignore
    arg [/usr/local/Cellar/gcc/14.1.0_1/lib/gcc/current/gcc/x86_64-apple-darwin23/14] ==> ignore
    arg [-rpath] ==> ignore
    arg [/usr/local/Cellar/gcc/14.1.0_1/lib/gcc/current/gcc] ==> ignore
    arg [-rpath] ==> ignore
    arg [/usr/local/Cellar/gcc/14.1.0_1/lib/gcc/current] ==> ignore
  Library search paths: [;/usr/local/Cellar/gcc/14.1.0_1/lib/gcc/current/gcc/x86_64-apple-darwin23/14;/usr/local/Cellar/gcc/14.1.0_1/lib/gcc/current/gcc;/usr/local/Cellar/gcc/14.1.0_1/lib/gcc/current;/Library/Developer/CommandLineTools/SDKs/MacOSX14.4.sdk/usr/lib;/Library/Developer/CommandLineTools/SDKs/MacOSX14.4.sdk/usr/lib/swift]
  Framework search paths: [;/Library/Developer/CommandLineTools/SDKs/MacOSX14.4.sdk/System/Library/Frameworks]
  remove lib [System]
  collapse library dir [/usr/local/Cellar/gcc/14.1.0_1/bin/../lib/gcc/current/gcc/x86_64-apple-darwin23/14] ==> [/usr/local/Cellar/gcc/14.1.0_1/lib/gcc/current/gcc/x86_64-apple-darwin23/14]
  collapse library dir [/usr/local/Cellar/gcc/14.1.0_1/bin/../lib/gcc/current/gcc] ==> [/usr/local/Cellar/gcc/14.1.0_1/lib/gcc/current/gcc]
  collapse library dir [/usr/local/Cellar/gcc/14.1.0_1/bin/../lib/gcc/current/gcc/x86_64-apple-darwin23/14/../../..] ==> [/usr/local/Cellar/gcc/14.1.0_1/lib/gcc/current]
  collapse library dir [/usr/local/Cellar/gcc/14.1.0_1/lib/gcc/current/gcc/x86_64-apple-darwin23/14] ==> [/usr/local/Cellar/gcc/14.1.0_1/lib/gcc/current/gcc/x86_64-apple-darwin23/14]
  collapse library dir [/usr/local/Cellar/gcc/14.1.0_1/lib/gcc/current/gcc] ==> [/usr/local/Cellar/gcc/14.1.0_1/lib/gcc/current/gcc]
  collapse library dir [/usr/local/Cellar/gcc/14.1.0_1/lib/gcc/current] ==> [/usr/local/Cellar/gcc/14.1.0_1/lib/gcc/current]
  collapse library dir [/Library/Developer/CommandLineTools/SDKs/MacOSX14.4.sdk/usr/lib] ==> [/Library/Developer/CommandLineTools/SDKs/MacOSX14.4.sdk/usr/lib]
  collapse library dir [/Library/Developer/CommandLineTools/SDKs/MacOSX14.4.sdk/usr/lib/swift] ==> [/Library/Developer/CommandLineTools/SDKs/MacOSX14.4.sdk/usr/lib/swift]
  collapse framework dir [/Library/Developer/CommandLineTools/SDKs/MacOSX14.4.sdk/System/Library/Frameworks] ==> [/Library/Developer/CommandLineTools/SDKs/MacOSX14.4.sdk/System/Library/Frameworks]
  implicit libs: [emutls_w;heapt_w;gfortran;gcc_s.1.1;gcc;quadmath]
  implicit objs: []
  implicit dirs: [/usr/local/Cellar/gcc/14.1.0_1/lib/gcc/current/gcc/x86_64-apple-darwin23/14;/usr/local/Cellar/gcc/14.1.0_1/lib/gcc/current/gcc;/usr/local/Cellar/gcc/14.1.0_1/lib/gcc/current;/Library/Developer/CommandLineTools/SDKs/MacOSX14.4.sdk/usr/lib;/Library/Developer/CommandLineTools/SDKs/MacOSX14.4.sdk/usr/lib/swift]
  implicit fwks: [/Library/Developer/CommandLineTools/SDKs/MacOSX14.4.sdk/System/Library/Frameworks]


